[    3364ms] [ERROR] Failed to load resource: the server responded with a status of 400 () @ https://dashboard.powerclubglobal.com/api/auth/me:0
[    3949ms] [ERROR] Failed to load resource: the server responded with a status of 401 () @ https://dashboard.powerclubglobal.com/api/sidebar/tree:0
[    3953ms] [ERROR] [API Error] {message: Request failed with status 401, status: 401, response: Response, endpoint: https://dashboard.powerclubglobal.com/api/sidebar/tree, timestamp: 2026-03-07T16:10:59.348Z} @ https://dashboard.powerclubglobal.com/assets/index-Dyj8BSiT.js:659
[    3954ms] [ERROR] Failed to load resource: the server responded with a status of 401 () @ https://dashboard.powerclubglobal.com/api/projects:0
[    3955ms] [ERROR] [API Error] {message: Request failed with status 401, status: 401, response: Response, endpoint: https://dashboard.powerclubglobal.com/api/projects, timestamp: 2026-03-07T16:10:59.352Z} @ https://dashboard.powerclubglobal.com/assets/index-Dyj8BSiT.js:659
[    3955ms] [ERROR] Failed to load resource: the server responded with a status of 401 () @ https://dashboard.powerclubglobal.com/api/topsi/status:0
[    5286ms] [ERROR] Failed to load resource: the server responded with a status of 401 () @ https://dashboard.powerclubglobal.com/api/sidebar/tree:0
[    5286ms] [ERROR] [API Error] {message: Request failed with status 401, status: 401, response: Response, endpoint: https://dashboard.powerclubglobal.com/api/sidebar/tree, timestamp: 2026-03-07T16:11:00.684Z} @ https://dashboard.powerclubglobal.com/assets/index-Dyj8BSiT.js:659
[    5287ms] [ERROR] Failed to load resource: the server responded with a status of 401 () @ https://dashboard.powerclubglobal.com/api/projects:0
[    5287ms] [ERROR] [API Error] {message: Request failed with status 401, status: 401, response: Response, endpoint: https://dashboard.powerclubglobal.com/api/projects, timestamp: 2026-03-07T16:11:00.685Z} @ https://dashboard.powerclubglobal.com/assets/index-Dyj8BSiT.js:659
[    6735ms] [ERROR] Failed to load resource: the server responded with a status of 429 () @ https://o4509603705192449.ingest.de.sentry.io/api/4509605576441937/envelope/?sentry_version=7&sentry_key=1065a1d276a581316999a07d5dffee26&sentry_client=sentry.javascript.react%2F9.46.0:0
[    7617ms] [ERROR] Failed to load resource: the server responded with a status of 401 () @ https://dashboard.powerclubglobal.com/api/projects:0
[    7617ms] [ERROR] [API Error] {message: Request failed with status 401, status: 401, response: Response, endpoint: https://dashboard.powerclubglobal.com/api/projects, timestamp: 2026-03-07T16:11:03.015Z} @ https://dashboard.powerclubglobal.com/assets/index-Dyj8BSiT.js:659
[    7618ms] [ERROR] Failed to load resource: the server responded with a status of 401 () @ https://dashboard.powerclubglobal.com/api/sidebar/tree:0
[    7618ms] [ERROR] [API Error] {message: Request failed with status 401, status: 401, response: Response, endpoint: https://dashboard.powerclubglobal.com/api/sidebar/tree, timestamp: 2026-03-07T16:11:03.015Z} @ https://dashboard.powerclubglobal.com/assets/index-Dyj8BSiT.js:659
[   11950ms] [ERROR] Failed to load resource: the server responded with a status of 401 () @ https://dashboard.powerclubglobal.com/api/sidebar/tree:0
[   11951ms] [ERROR] [API Error] {message: Request failed with status 401, status: 401, response: Response, endpoint: https://dashboard.powerclubglobal.com/api/sidebar/tree, timestamp: 2026-03-07T16:11:07.348Z} @ https://dashboard.powerclubglobal.com/assets/index-Dyj8BSiT.js:659
[   11955ms] [ERROR] Failed to load resource: the server responded with a status of 401 () @ https://dashboard.powerclubglobal.com/api/projects:0
[   11955ms] [ERROR] [API Error] {message: Request failed with status 401, status: 401, response: Response, endpoint: https://dashboard.powerclubglobal.com/api/projects, timestamp: 2026-03-07T16:11:07.353Z} @ https://dashboard.powerclubglobal.com/assets/index-Dyj8BSiT.js:659
[   13587ms] [ERROR] Failed to fetch projects: Error: Failed to reach the PCG CC server at https://dashboard.powerclubglobal.com. Make sure the server process is running and reachable.
    at L (https://dashboard.powerclubglobal.com/assets/index-Dyj8BSiT.js:631:11003)
    at async Object.getAll (https://dashboard.powerclubglobal.com/assets/index-Dyj8BSiT.js:631:13480)
    at async https://dashboard.powerclubglobal.com/assets/projects-yAtfO-pO.js:31:4715 @ https://dashboard.powerclubglobal.com/assets/index-Dyj8BSiT.js:659
[   15269ms] [ERROR] Failed to load resource: the server responded with a status of 500 () @ https://dashboard.powerclubglobal.com/api/tasks?project_id=6861af57-610f-4646-b648-a62599d4cc1f:0
[   15270ms] [ERROR] [API Error] {message: DatabaseError: error occurred while decoding colum…5: invalid utf-8 sequence of 1 bytes from index 0, status: 500, response: Response, endpoint: https://dashboard.powerclubglobal.com/api/tasks?project_id=6861af57-610f-4646-b648-a62599d4cc1f, timestamp: 2026-03-07T16:11:10.668Z} @ https://dashboard.powerclubglobal.com/assets/index-Dyj8BSiT.js:659
[   15270ms] [ERROR] Failed to load board data for project 6861af57-610f-4646-b648-a62599d4cc1f: ApiError: DatabaseError: error occurred while decoding column 15: invalid utf-8 sequence of 1 bytes from index 0
    at F (https://dashboard.powerclubglobal.com/assets/index-Dyj8BSiT.js:631:11732)
    at async Promise.all (index 1)
    at async https://dashboard.powerclubglobal.com/assets/projects-yAtfO-pO.js:31:4368
    at async Promise.all (index 4)
    at async https://dashboard.powerclubglobal.com/assets/projects-yAtfO-pO.js:31:4319 @ https://dashboard.powerclubglobal.com/assets/index-Dyj8BSiT.js:659
[   15293ms] [ERROR] Failed to load resource: the server responded with a status of 500 () @ https://dashboard.powerclubglobal.com/api/tasks?project_id=b0b1b2b3-b4b5-b6b7-b8b9-babbbcbdbebf:0
[   15296ms] [ERROR] [API Error] {message: DatabaseError: error occurred while decoding colum…1: invalid utf-8 sequence of 1 bytes from index 0, status: 500, response: Response, endpoint: https://dashboard.powerclubglobal.com/api/tasks?project_id=b0b1b2b3-b4b5-b6b7-b8b9-babbbcbdbebf, timestamp: 2026-03-07T16:11:10.693Z} @ https://dashboard.powerclubglobal.com/assets/index-Dyj8BSiT.js:659
[   15296ms] [ERROR] Failed to load board data for project b0b1b2b3-b4b5-b6b7-b8b9-babbbcbdbebf: ApiError: DatabaseError: error occurred while decoding column 11: invalid utf-8 sequence of 1 bytes from index 0
    at F (https://dashboard.powerclubglobal.com/assets/index-Dyj8BSiT.js:631:11732)
    at async Promise.all (index 1)
    at async https://dashboard.powerclubglobal.com/assets/projects-yAtfO-pO.js:31:4368
    at async Promise.all (index 24)
    at async https://dashboard.powerclubglobal.com/assets/projects-yAtfO-pO.js:31:4319 @ https://dashboard.powerclubglobal.com/assets/index-Dyj8BSiT.js:659
[   16688ms] [ERROR] Failed to load resource: the server responded with a status of 429 () @ https://o4509603705192449.ingest.de.sentry.io/api/4509605576441937/envelope/?sentry_version=7&sentry_key=1065a1d276a581316999a07d5dffee26&sentry_client=sentry.javascript.react%2F9.46.0:0
[  191121ms] [ERROR] Failed to load resource: the server responded with a status of 404 () @ https://dashboard.powerclubglobal.com/api/projects/00000000-0000-0000-0000-000000000001/assets:0
[  191121ms] [ERROR] [API Error] {message: No assets found for the project, status: 404, response: Response, endpoint: https://dashboard.powerclubglobal.com/api/projects/00000000-0000-0000-0000-000000000001/assets, timestamp: 2026-03-07T16:14:06.519Z} @ https://dashboard.powerclubglobal.com/assets/index-Dyj8BSiT.js:659
[  191122ms] [ERROR] Failed to fetch project assets: ApiError: No assets found for the project
    at F (https://dashboard.powerclubglobal.com/assets/index-Dyj8BSiT.js:631:11732)
    at async https://dashboard.powerclubglobal.com/assets/projects-yAtfO-pO.js:31:20188 @ https://dashboard.powerclubglobal.com/assets/index-Dyj8BSiT.js:659
