[     676ms] [WARNING] ⚠️ React Router Future Flag Warning: React Router will begin wrapping state updates in `React.startTransition` in v7. You can use the `v7_startTransition` future flag to opt-in early. For more information, see https://reactrouter.com/v6/upgrading/future#v7_starttransition. @ http://localhost:3000/node_modules/.vite/deps/react-router-dom.js?v=eb1b6e59:4392
[     676ms] [WARNING] ⚠️ React Router Future Flag Warning: Relative route resolution within Splat routes is changing in v7. You can use the `v7_relativeSplatPath` future flag to opt-in early. For more information, see https://reactrouter.com/v6/upgrading/future#v7_relativesplatpath. @ http://localhost:3000/node_modules/.vite/deps/react-router-dom.js?v=eb1b6e59:4392
[     691ms] [ERROR] Failed to load resource: the server responded with a status of 400 (Bad Request) @ http://localhost:3000/api/auth/me:0
[     692ms] [ERROR] Failed to load resource: the server responded with a status of 400 (Bad Request) @ http://localhost:3000/api/auth/me:0
[     761ms] [ERROR] Failed to load resource: the server responded with a status of 401 (Unauthorized) @ http://localhost:3000/api/sidebar/tree:0
[     762ms] [ERROR] [API Error] {message: Unauthorized, status: 401, response: Response, endpoint: http://localhost:3000/api/sidebar/tree, timestamp: 2026-03-06T17:41:20.745Z} @ http://localhost:3000/src/lib/api.ts:98
[     762ms] [ERROR] Failed to load resource: the server responded with a status of 401 (Unauthorized) @ http://localhost:3000/api/projects:0
[     762ms] [ERROR] [API Error] {message: Unauthorized, status: 401, response: Response, endpoint: http://localhost:3000/api/projects, timestamp: 2026-03-06T17:41:20.746Z} @ http://localhost:3000/src/lib/api.ts:98
[     762ms] [ERROR] Failed to load resource: the server responded with a status of 401 (Unauthorized) @ http://localhost:3000/api/topsi/status:0
[     762ms] [ERROR] Failed to load resource: the server responded with a status of 401 (Unauthorized) @ http://localhost:3000/api/topsi/status:0
[    1767ms] [ERROR] Failed to load resource: the server responded with a status of 401 (Unauthorized) @ http://localhost:3000/api/sidebar/tree:0
[    1767ms] [ERROR] [API Error] {message: Unauthorized, status: 401, response: Response, endpoint: http://localhost:3000/api/sidebar/tree, timestamp: 2026-03-06T17:41:21.751Z} @ http://localhost:3000/src/lib/api.ts:98
[    1767ms] [ERROR] Failed to load resource: the server responded with a status of 401 (Unauthorized) @ http://localhost:3000/api/projects:0
[    1768ms] [ERROR] [API Error] {message: Unauthorized, status: 401, response: Response, endpoint: http://localhost:3000/api/projects, timestamp: 2026-03-06T17:41:21.751Z} @ http://localhost:3000/src/lib/api.ts:98
[    3774ms] [ERROR] Failed to load resource: the server responded with a status of 401 (Unauthorized) @ http://localhost:3000/api/projects:0
[    3774ms] [ERROR] [API Error] {message: Unauthorized, status: 401, response: Response, endpoint: http://localhost:3000/api/projects, timestamp: 2026-03-06T17:41:23.757Z} @ http://localhost:3000/src/lib/api.ts:98
[    3774ms] [ERROR] Failed to load resource: the server responded with a status of 401 (Unauthorized) @ http://localhost:3000/api/sidebar/tree:0
[    3775ms] [ERROR] [API Error] {message: Unauthorized, status: 401, response: Response, endpoint: http://localhost:3000/api/sidebar/tree, timestamp: 2026-03-06T17:41:23.758Z} @ http://localhost:3000/src/lib/api.ts:98
[    7779ms] [ERROR] Failed to load resource: the server responded with a status of 401 (Unauthorized) @ http://localhost:3000/api/projects:0
[    7779ms] [ERROR] [API Error] {message: Unauthorized, status: 401, response: Response, endpoint: http://localhost:3000/api/projects, timestamp: 2026-03-06T17:41:27.763Z} @ http://localhost:3000/src/lib/api.ts:98
[    7780ms] [ERROR] Failed to load resource: the server responded with a status of 401 (Unauthorized) @ http://localhost:3000/api/sidebar/tree:0
[    7780ms] [ERROR] [API Error] {message: Unauthorized, status: 401, response: Response, endpoint: http://localhost:3000/api/sidebar/tree, timestamp: 2026-03-06T17:41:27.763Z} @ http://localhost:3000/src/lib/api.ts:98
[    7785ms] [ERROR] Failed to load resource: the server responded with a status of 401 (Unauthorized) @ http://localhost:3000/api/projects:0
[    7785ms] [ERROR] [API Error] {message: Unauthorized, status: 401, response: Response, endpoint: http://localhost:3000/api/projects, timestamp: 2026-03-06T17:41:27.769Z} @ http://localhost:3000/src/lib/api.ts:98
[    8793ms] [ERROR] Failed to load resource: the server responded with a status of 401 (Unauthorized) @ http://localhost:3000/api/projects:0
[    8793ms] [ERROR] [API Error] {message: Unauthorized, status: 401, response: Response, endpoint: http://localhost:3000/api/projects, timestamp: 2026-03-06T17:41:28.777Z} @ http://localhost:3000/src/lib/api.ts:98
[   10798ms] [ERROR] Failed to load resource: the server responded with a status of 401 (Unauthorized) @ http://localhost:3000/api/projects:0
[   10799ms] [ERROR] [API Error] {message: Unauthorized, status: 401, response: Response, endpoint: http://localhost:3000/api/projects, timestamp: 2026-03-06T17:41:30.782Z} @ http://localhost:3000/src/lib/api.ts:98
[   12428ms] [WARNING] ⚠️ React Router Future Flag Warning: React Router will begin wrapping state updates in `React.startTransition` in v7. You can use the `v7_startTransition` future flag to opt-in early. For more information, see https://reactrouter.com/v6/upgrading/future#v7_starttransition. @ http://localhost:3000/node_modules/.vite/deps/react-router-dom.js?v=eb1b6e59:4392
[   12428ms] [WARNING] ⚠️ React Router Future Flag Warning: Relative route resolution within Splat routes is changing in v7. You can use the `v7_relativeSplatPath` future flag to opt-in early. For more information, see https://reactrouter.com/v6/upgrading/future#v7_relativesplatpath. @ http://localhost:3000/node_modules/.vite/deps/react-router-dom.js?v=eb1b6e59:4392
