[     728ms] [WARNING] ⚠️ React Router Future Flag Warning: React Router will begin wrapping state updates in `React.startTransition` in v7. You can use the `v7_startTransition` future flag to opt-in early. For more information, see https://reactrouter.com/v6/upgrading/future#v7_starttransition. @ http://localhost:3000/node_modules/.vite/deps/react-router-dom.js?v=eb1b6e59:4392
[     728ms] [WARNING] ⚠️ React Router Future Flag Warning: Relative route resolution within Splat routes is changing in v7. You can use the `v7_relativeSplatPath` future flag to opt-in early. For more information, see https://reactrouter.com/v6/upgrading/future#v7_relativesplatpath. @ http://localhost:3000/node_modules/.vite/deps/react-router-dom.js?v=eb1b6e59:4392
[     753ms] [ERROR] Failed to load resource: the server responded with a status of 400 (Bad Request) @ http://localhost:3000/api/auth/me:0
[     760ms] [ERROR] Failed to load resource: the server responded with a status of 400 (Bad Request) @ http://localhost:3000/api/auth/me:0
[     804ms] [ERROR] Failed to load resource: the server responded with a status of 401 (Unauthorized) @ http://localhost:3000/api/topsi/status:0
[     804ms] [ERROR] Failed to load resource: the server responded with a status of 401 (Unauthorized) @ http://localhost:3000/api/sidebar/tree:0
[     804ms] [ERROR] [API Error] {message: Unauthorized, status: 401, response: Response, endpoint: http://localhost:3000/api/sidebar/tree, timestamp: 2026-03-06T17:40:10.121Z} @ http://localhost:3000/src/lib/api.ts:98
[     805ms] [ERROR] Failed to load resource: the server responded with a status of 401 (Unauthorized) @ http://localhost:3000/api/projects:0
[     805ms] [ERROR] [API Error] {message: Unauthorized, status: 401, response: Response, endpoint: http://localhost:3000/api/projects, timestamp: 2026-03-06T17:40:10.121Z} @ http://localhost:3000/src/lib/api.ts:98
[     805ms] [ERROR] Failed to load resource: the server responded with a status of 401 (Unauthorized) @ http://localhost:3000/api/topsi/status:0
[    1810ms] [ERROR] Failed to load resource: the server responded with a status of 401 (Unauthorized) @ http://localhost:3000/api/projects:0
[    1810ms] [ERROR] [API Error] {message: Unauthorized, status: 401, response: Response, endpoint: http://localhost:3000/api/projects, timestamp: 2026-03-06T17:40:11.127Z} @ http://localhost:3000/src/lib/api.ts:98
[    1811ms] [ERROR] Failed to load resource: the server responded with a status of 401 (Unauthorized) @ http://localhost:3000/api/sidebar/tree:0
[    1811ms] [ERROR] [API Error] {message: Unauthorized, status: 401, response: Response, endpoint: http://localhost:3000/api/sidebar/tree, timestamp: 2026-03-06T17:40:11.127Z} @ http://localhost:3000/src/lib/api.ts:98
[    3817ms] [ERROR] Failed to load resource: the server responded with a status of 401 (Unauthorized) @ http://localhost:3000/api/projects:0
[    3817ms] [ERROR] [API Error] {message: Unauthorized, status: 401, response: Response, endpoint: http://localhost:3000/api/projects, timestamp: 2026-03-06T17:40:13.133Z} @ http://localhost:3000/src/lib/api.ts:98
[    3817ms] [ERROR] Failed to load resource: the server responded with a status of 401 (Unauthorized) @ http://localhost:3000/api/sidebar/tree:0
[    3817ms] [ERROR] [API Error] {message: Unauthorized, status: 401, response: Response, endpoint: http://localhost:3000/api/sidebar/tree, timestamp: 2026-03-06T17:40:13.134Z} @ http://localhost:3000/src/lib/api.ts:98
[    7824ms] [ERROR] Failed to load resource: the server responded with a status of 401 (Unauthorized) @ http://localhost:3000/api/sidebar/tree:0
[    7824ms] [ERROR] [API Error] {message: Unauthorized, status: 401, response: Response, endpoint: http://localhost:3000/api/sidebar/tree, timestamp: 2026-03-06T17:40:17.141Z} @ http://localhost:3000/src/lib/api.ts:98
[    7825ms] [ERROR] Failed to load resource: the server responded with a status of 401 (Unauthorized) @ http://localhost:3000/api/projects:0
[    7825ms] [ERROR] [API Error] {message: Unauthorized, status: 401, response: Response, endpoint: http://localhost:3000/api/projects, timestamp: 2026-03-06T17:40:17.141Z} @ http://localhost:3000/src/lib/api.ts:98
[    7830ms] [ERROR] Failed to load resource: the server responded with a status of 401 (Unauthorized) @ http://localhost:3000/api/projects:0
[    7830ms] [ERROR] [API Error] {message: Unauthorized, status: 401, response: Response, endpoint: http://localhost:3000/api/projects, timestamp: 2026-03-06T17:40:17.147Z} @ http://localhost:3000/src/lib/api.ts:98
[    8836ms] [ERROR] Failed to load resource: the server responded with a status of 401 (Unauthorized) @ http://localhost:3000/api/projects:0
[    8836ms] [ERROR] [API Error] {message: Unauthorized, status: 401, response: Response, endpoint: http://localhost:3000/api/projects, timestamp: 2026-03-06T17:40:18.152Z} @ http://localhost:3000/src/lib/api.ts:98
[   10843ms] [ERROR] Failed to load resource: the server responded with a status of 401 (Unauthorized) @ http://localhost:3000/api/projects:0
[   10843ms] [ERROR] [API Error] {message: Unauthorized, status: 401, response: Response, endpoint: http://localhost:3000/api/projects, timestamp: 2026-03-06T17:40:20.160Z} @ http://localhost:3000/src/lib/api.ts:98
[   14850ms] [ERROR] Failed to load resource: the server responded with a status of 401 (Unauthorized) @ http://localhost:3000/api/projects:0
[   14850ms] [ERROR] [API Error] {message: Unauthorized, status: 401, response: Response, endpoint: http://localhost:3000/api/projects, timestamp: 2026-03-06T17:40:24.166Z} @ http://localhost:3000/src/lib/api.ts:98
[   16587ms] [ERROR] Failed to load resource: the server responded with a status of 400 (Bad Request) @ http://localhost:3000/api/auth/login:0
[   16587ms] [ERROR] Login failed: Error: Login failed
    at login (http://localhost:3000/src/lib/auth-api.ts:14:11)
    at async login (http://localhost:3000/src/contexts/AuthContext.tsx:49:27)
    at async handleSubmit (http://localhost:3000/src/components/auth/LoginPage.tsx:39:7) @ http://localhost:3000/src/contexts/AuthContext.tsx:52
