[    2661ms] [ERROR] Failed to load resource: the server responded with a status of 500 () @ https://dashboard.powerclubglobal.com/api/tasks?project_id=6861af57-610f-4646-b648-a62599d4cc1f:0
[    2662ms] [ERROR] [API Error] {message: DatabaseError: error occurred while decoding colum…5: invalid utf-8 sequence of 1 bytes from index 0, status: 500, response: Response, endpoint: https://dashboard.powerclubglobal.com/api/tasks?project_id=6861af57-610f-4646-b648-a62599d4cc1f, timestamp: 2026-03-07T18:18:28.454Z} @ https://dashboard.powerclubglobal.com/assets/index-Ccq6DXzw.js:659
[    2664ms] [ERROR] Failed to load board data for project 6861af57-610f-4646-b648-a62599d4cc1f: ApiError: DatabaseError: error occurred while decoding column 15: invalid utf-8 sequence of 1 bytes from index 0
    at F (https://dashboard.powerclubglobal.com/assets/index-Ccq6DXzw.js:631:11732)
    at async Promise.all (index 1)
    at async https://dashboard.powerclubglobal.com/assets/projects-H8PaQP5M.js:31:4368
    at async Promise.all (index 4)
    at async https://dashboard.powerclubglobal.com/assets/projects-H8PaQP5M.js:31:4319 @ https://dashboard.powerclubglobal.com/assets/index-Ccq6DXzw.js:659
[    2897ms] [ERROR] Failed to load resource: the server responded with a status of 500 () @ https://dashboard.powerclubglobal.com/api/tasks?project_id=b0b1b2b3-b4b5-b6b7-b8b9-babbbcbdbebf:0
[    2897ms] [ERROR] [API Error] {message: DatabaseError: error occurred while decoding colum…1: invalid utf-8 sequence of 1 bytes from index 0, status: 500, response: Response, endpoint: https://dashboard.powerclubglobal.com/api/tasks?project_id=b0b1b2b3-b4b5-b6b7-b8b9-babbbcbdbebf, timestamp: 2026-03-07T18:18:28.689Z} @ https://dashboard.powerclubglobal.com/assets/index-Ccq6DXzw.js:659
[    2897ms] [ERROR] Failed to load board data for project b0b1b2b3-b4b5-b6b7-b8b9-babbbcbdbebf: ApiError: DatabaseError: error occurred while decoding column 11: invalid utf-8 sequence of 1 bytes from index 0
    at F (https://dashboard.powerclubglobal.com/assets/index-Ccq6DXzw.js:631:11732)
    at async Promise.all (index 1)
    at async https://dashboard.powerclubglobal.com/assets/projects-H8PaQP5M.js:31:4368
    at async Promise.all (index 23)
    at async https://dashboard.powerclubglobal.com/assets/projects-H8PaQP5M.js:31:4319 @ https://dashboard.powerclubglobal.com/assets/index-Ccq6DXzw.js:659
[    4387ms] [ERROR] Failed to load resource: the server responded with a status of 429 () @ https://o4509603705192449.ingest.de.sentry.io/api/4509605576441937/envelope/?sentry_version=7&sentry_key=1065a1d276a581316999a07d5dffee26&sentry_client=sentry.javascript.react%2F9.46.0:0
[   87093ms] [ERROR] Failed to load resource: the server responded with a status of 404 () @ https://dashboard.powerclubglobal.com/api/projects/05abaaf5-b249-4d1c-a980-c27aa095f579/assets:0
[   87093ms] [ERROR] [API Error] {message: No assets found for the project, status: 404, response: Response, endpoint: https://dashboard.powerclubglobal.com/api/projects/05abaaf5-b249-4d1c-a980-c27aa095f579/assets, timestamp: 2026-03-07T18:19:52.886Z} @ https://dashboard.powerclubglobal.com/assets/index-Ccq6DXzw.js:659
[   87094ms] [ERROR] Failed to fetch project assets: ApiError: No assets found for the project
    at F (https://dashboard.powerclubglobal.com/assets/index-Ccq6DXzw.js:631:11732)
    at async https://dashboard.powerclubglobal.com/assets/projects-H8PaQP5M.js:31:20188 @ https://dashboard.powerclubglobal.com/assets/index-Ccq6DXzw.js:659
[  149905ms] [ERROR] [WorkflowView] Failed to load persisted messages: TypeError: Cannot read properties of null (reading 'success')
    at F (https://dashboard.powerclubglobal.com/assets/index-Ccq6DXzw.js:631:11782)
    at async https://dashboard.powerclubglobal.com/assets/project-tasks-CeeYSht9.js:264:98949 @ https://dashboard.powerclubglobal.com/assets/index-Ccq6DXzw.js:659
[  150215ms] [ERROR] [API Error] {message: API request failed, status: 200, response: Response, endpoint: https://dashboard.powerclubglobal.com/api/agents/d…session/task-60acf626-b1dc-48b2-839f-b0eb4c04df19, timestamp: 2026-03-07T18:20:56.007Z} @ https://dashboard.powerclubglobal.com/assets/index-Ccq6DXzw.js:659
